Generate expensive greeting...
Hello World!
Hello World!
