Logs some messages. Set the level, e.g, to DEBUG with --verbosity DEBUG
    
