Error: Not enough arguments.
usage: minimal_cli [-h] [-c CONFIG] [-o key value] [-i]
                   [--verbosity {DEBUG,INFO,WARNING,ERROR,CRITICAL}] [-v]
                   [{hello,world,help,test,show_tests,show_config,save_config,show_state,show_commands}]
                   [argument [argument ...]]
