[X;XXmTiming Summary:[Xm
	'setup': X.XXXXXXs
	'for' (timed XX times): total = X.XXXXXXs, min = X.XXXXXXs, max = X.XXXXXXs, median = X.XXXXXXs
