To get help on a command, use examples/minimal_cli help COMMAND
