Error: Not enough arguments.
usage: minimal_logging [-h] [-c CONFIG] [-o key value] [-i]
                       [--verbosity {DEBUG,INFO,WARNING,ERROR,CRITICAL}]
                       [{run,timed,help,test,show_tests,show_config,save_config,show_state,show_commands}]
                       [argument [argument ...]]
