usage: minimal_config [-h] [-c CONFIG] [-o key value] [-i]
                      [--verbosity {DEBUG,INFO,WARNING,ERROR,CRITICAL}] [-v]
                      [{simple,nested,help,test,show_tests,show_config,save_config,show_state,show_commands}]
                      [argument [argument ...]]

Welcome to the world of pyexperiment...

positional arguments:
  {simple,nested,help,test,show_tests,show_config,save_config,show_state,show_commands}
                        choose a command to run
  argument              argument to the command

optional arguments:
  -h, --help            show this help message and exit
  -c CONFIG, --config CONFIG
                        specify a configuration file
  -o key value, --option key value
                        override a configuration option
  -i, --interactive     drop to interactive prompt after COMMAND
  --verbosity {DEBUG,INFO,WARNING,ERROR,CRITICAL}
                        choose the console logger's verbosity
  -v                    shortcut for --verbosity DEBUG

possible commands:

  simple:               Prints the configured value for 'example' 
  nested:               Prints the configured value for 'example' 
  help:                 Shows help for a specified command
  test:                 Run tests for the experiment 
  show_tests:           Show available tests for the experiment 
  show_config:          Print the configuration 
  save_config:          Save a configuration file to a filename 
  show_state:           Shows the contents of the state loaded by the configuration or from the file specified as an argument
  show_commands:        Print the possible commands for the experiments     
